// Jest Snapshot v1, https://goo.gl/fbAQLP

exports[`Renders CurrentLocation component 1`] = `
ShallowWrapper {
  Symbol(enzyme.__root__): [Circular],
  Symbol(enzyme.__unrendered__): <Alerts />,
  Symbol(enzyme.__renderer__): Object {
    "batchedUpdates": [Function],
    "getNode": [Function],
    "render": [Function],
    "simulateError": [Function],
    "simulateEvent": [Function],
    "unmount": [Function],
  },
  Symbol(enzyme.__node__): Object {
    "instance": null,
    "key": undefined,
    "nodeType": "class",
    "props": Object {
      "children": Array [
        <Component>
          Inaccessibility Report
        </Component>,
        <TouchableOpacity
          activeOpacity={0.2}
          id="brokenLift"
          onPress={[Function]}
        >
          <Component
            source={1}
          />
          <Component>
            Broken Lift
          </Component>
        </TouchableOpacity>,
        <TouchableOpacity
          activeOpacity={0.2}
          id="blockedPath"
          onPress={[Function]}
        >
          <Component
            source={1}
          />
          <Component>
            Blocked Path
          </Component>
        </TouchableOpacity>,
        <TouchableOpacity
          activeOpacity={0.2}
          id="stairs"
          onPress={[Function]}
        >
          <Component
            source={1}
          />
          <Component>
            Stairs
          </Component>
        </TouchableOpacity>,
        <TouchableOpacity
          activeOpacity={0.2}
          onPress={[Function]}
        >
          <Component
            source={1}
          />
          <Component>
            Narrow Path
          </Component>
        </TouchableOpacity>,
        <TouchableOpacity
          activeOpacity={0.2}
          onPress={[Function]}
        >
          <Component
            source={1}
          />
          <Component>
            No Ramp
          </Component>
        </TouchableOpacity>,
        <TouchableOpacity
          activeOpacity={0.2}
          id="show-form"
          onPress={[Function]}
        >
          <Component
            source={1}
          />
        </TouchableOpacity>,
        <Component>
          Other
        </Component>,
        false,
      ],
    },
    "ref": null,
    "rendered": Array [
      Object {
        "instance": null,
        "key": undefined,
        "nodeType": "class",
        "props": Object {
          "children": "Inaccessibility Report",
        },
        "ref": null,
        "rendered": "Inaccessibility Report",
        "type": [Function],
      },
      Object {
        "instance": null,
        "key": undefined,
        "nodeType": "class",
        "props": Object {
          "activeOpacity": 0.2,
          "children": Array [
            <Component
              source={1}
            />,
            <Component>
              Broken Lift
            </Component>,
          ],
          "id": "brokenLift",
          "onPress": [Function],
        },
        "ref": null,
        "rendered": Array [
          Object {
            "instance": null,
            "key": undefined,
            "nodeType": "class",
            "props": Object {
              "source": 1,
            },
            "ref": null,
            "rendered": null,
            "type": [Function],
          },
          Object {
            "instance": null,
            "key": undefined,
            "nodeType": "class",
            "props": Object {
              "children": "Broken Lift",
            },
            "ref": null,
            "rendered": "Broken Lift",
            "type": [Function],
          },
        ],
        "type": [Function],
      },
      Object {
        "instance": null,
        "key": undefined,
        "nodeType": "class",
        "props": Object {
          "activeOpacity": 0.2,
          "children": Array [
            <Component
              source={1}
            />,
            <Component>
              Blocked Path
            </Component>,
          ],
          "id": "blockedPath",
          "onPress": [Function],
        },
        "ref": null,
        "rendered": Array [
          Object {
            "instance": null,
            "key": undefined,
            "nodeType": "class",
            "props": Object {
              "source": 1,
            },
            "ref": null,
            "rendered": null,
            "type": [Function],
          },
          Object {
            "instance": null,
            "key": undefined,
            "nodeType": "class",
            "props": Object {
              "children": "Blocked Path",
            },
            "ref": null,
            "rendered": "Blocked Path",
            "type": [Function],
          },
        ],
        "type": [Function],
      },
      Object {
        "instance": null,
        "key": undefined,
        "nodeType": "class",
        "props": Object {
          "activeOpacity": 0.2,
          "children": Array [
            <Component
              source={1}
            />,
            <Component>
              Stairs
            </Component>,
          ],
          "id": "stairs",
          "onPress": [Function],
        },
        "ref": null,
        "rendered": Array [
          Object {
            "instance": null,
            "key": undefined,
            "nodeType": "class",
            "props": Object {
              "source": 1,
            },
            "ref": null,
            "rendered": null,
            "type": [Function],
          },
          Object {
            "instance": null,
            "key": undefined,
            "nodeType": "class",
            "props": Object {
              "children": "Stairs",
            },
            "ref": null,
            "rendered": "Stairs",
            "type": [Function],
          },
        ],
        "type": [Function],
      },
      Object {
        "instance": null,
        "key": undefined,
        "nodeType": "class",
        "props": Object {
          "activeOpacity": 0.2,
          "children": Array [
            <Component
              source={1}
            />,
            <Component>
              Narrow Path
            </Component>,
          ],
          "onPress": [Function],
        },
        "ref": null,
        "rendered": Array [
          Object {
            "instance": null,
            "key": undefined,
            "nodeType": "class",
            "props": Object {
              "source": 1,
            },
            "ref": null,
            "rendered": null,
            "type": [Function],
          },
          Object {
            "instance": null,
            "key": undefined,
            "nodeType": "class",
            "props": Object {
              "children": "Narrow Path",
            },
            "ref": null,
            "rendered": "Narrow Path",
            "type": [Function],
          },
        ],
        "type": [Function],
      },
      Object {
        "instance": null,
        "key": undefined,
        "nodeType": "class",
        "props": Object {
          "activeOpacity": 0.2,
          "children": Array [
            <Component
              source={1}
            />,
            <Component>
              No Ramp
            </Component>,
          ],
          "onPress": [Function],
        },
        "ref": null,
        "rendered": Array [
          Object {
            "instance": null,
            "key": undefined,
            "nodeType": "class",
            "props": Object {
              "source": 1,
            },
            "ref": null,
            "rendered": null,
            "type": [Function],
          },
          Object {
            "instance": null,
            "key": undefined,
            "nodeType": "class",
            "props": Object {
              "children": "No Ramp",
            },
            "ref": null,
            "rendered": "No Ramp",
            "type": [Function],
          },
        ],
        "type": [Function],
      },
      Object {
        "instance": null,
        "key": undefined,
        "nodeType": "class",
        "props": Object {
          "activeOpacity": 0.2,
          "children": <Component
            source={1}
          />,
          "id": "show-form",
          "onPress": [Function],
        },
        "ref": null,
        "rendered": Object {
          "instance": null,
          "key": undefined,
          "nodeType": "class",
          "props": Object {
            "source": 1,
          },
          "ref": null,
          "rendered": null,
          "type": [Function],
        },
        "type": [Function],
      },
      Object {
        "instance": null,
        "key": undefined,
        "nodeType": "class",
        "props": Object {
          "children": "Other",
        },
        "ref": null,
        "rendered": "Other",
        "type": [Function],
      },
      false,
    ],
    "type": [Function],
  },
  Symbol(enzyme.__nodes__): Array [
    Object {
      "instance": null,
      "key": undefined,
      "nodeType": "class",
      "props": Object {
        "children": Array [
          <Component>
            Inaccessibility Report
          </Component>,
          <TouchableOpacity
            activeOpacity={0.2}
            id="brokenLift"
            onPress={[Function]}
          >
            <Component
              source={1}
            />
            <Component>
              Broken Lift
            </Component>
          </TouchableOpacity>,
          <TouchableOpacity
            activeOpacity={0.2}
            id="blockedPath"
            onPress={[Function]}
          >
            <Component
              source={1}
            />
            <Component>
              Blocked Path
            </Component>
          </TouchableOpacity>,
          <TouchableOpacity
            activeOpacity={0.2}
            id="stairs"
            onPress={[Function]}
          >
            <Component
              source={1}
            />
            <Component>
              Stairs
            </Component>
          </TouchableOpacity>,
          <TouchableOpacity
            activeOpacity={0.2}
            onPress={[Function]}
          >
            <Component
              source={1}
            />
            <Component>
              Narrow Path
            </Component>
          </TouchableOpacity>,
          <TouchableOpacity
            activeOpacity={0.2}
            onPress={[Function]}
          >
            <Component
              source={1}
            />
            <Component>
              No Ramp
            </Component>
          </TouchableOpacity>,
          <TouchableOpacity
            activeOpacity={0.2}
            id="show-form"
            onPress={[Function]}
          >
            <Component
              source={1}
            />
          </TouchableOpacity>,
          <Component>
            Other
          </Component>,
          false,
        ],
      },
      "ref": null,
      "rendered": Array [
        Object {
          "instance": null,
          "key": undefined,
          "nodeType": "class",
          "props": Object {
            "children": "Inaccessibility Report",
          },
          "ref": null,
          "rendered": "Inaccessibility Report",
          "type": [Function],
        },
        Object {
          "instance": null,
          "key": undefined,
          "nodeType": "class",
          "props": Object {
            "activeOpacity": 0.2,
            "children": Array [
              <Component
                source={1}
              />,
              <Component>
                Broken Lift
              </Component>,
            ],
            "id": "brokenLift",
            "onPress": [Function],
          },
          "ref": null,
          "rendered": Array [
            Object {
              "instance": null,
              "key": undefined,
              "nodeType": "class",
              "props": Object {
                "source": 1,
              },
              "ref": null,
              "rendered": null,
              "type": [Function],
            },
            Object {
              "instance": null,
              "key": undefined,
              "nodeType": "class",
              "props": Object {
                "children": "Broken Lift",
              },
              "ref": null,
              "rendered": "Broken Lift",
              "type": [Function],
            },
          ],
          "type": [Function],
        },
        Object {
          "instance": null,
          "key": undefined,
          "nodeType": "class",
          "props": Object {
            "activeOpacity": 0.2,
            "children": Array [
              <Component
                source={1}
              />,
              <Component>
                Blocked Path
              </Component>,
            ],
            "id": "blockedPath",
            "onPress": [Function],
          },
          "ref": null,
          "rendered": Array [
            Object {
              "instance": null,
              "key": undefined,
              "nodeType": "class",
              "props": Object {
                "source": 1,
              },
              "ref": null,
              "rendered": null,
              "type": [Function],
            },
            Object {
              "instance": null,
              "key": undefined,
              "nodeType": "class",
              "props": Object {
                "children": "Blocked Path",
              },
              "ref": null,
              "rendered": "Blocked Path",
              "type": [Function],
            },
          ],
          "type": [Function],
        },
        Object {
          "instance": null,
          "key": undefined,
          "nodeType": "class",
          "props": Object {
            "activeOpacity": 0.2,
            "children": Array [
              <Component
                source={1}
              />,
              <Component>
                Stairs
              </Component>,
            ],
            "id": "stairs",
            "onPress": [Function],
          },
          "ref": null,
          "rendered": Array [
            Object {
              "instance": null,
              "key": undefined,
              "nodeType": "class",
              "props": Object {
                "source": 1,
              },
              "ref": null,
              "rendered": null,
              "type": [Function],
            },
            Object {
              "instance": null,
              "key": undefined,
              "nodeType": "class",
              "props": Object {
                "children": "Stairs",
              },
              "ref": null,
              "rendered": "Stairs",
              "type": [Function],
            },
          ],
          "type": [Function],
        },
        Object {
          "instance": null,
          "key": undefined,
          "nodeType": "class",
          "props": Object {
            "activeOpacity": 0.2,
            "children": Array [
              <Component
                source={1}
              />,
              <Component>
                Narrow Path
              </Component>,
            ],
            "onPress": [Function],
          },
          "ref": null,
          "rendered": Array [
            Object {
              "instance": null,
              "key": undefined,
              "nodeType": "class",
              "props": Object {
                "source": 1,
              },
              "ref": null,
              "rendered": null,
              "type": [Function],
            },
            Object {
              "instance": null,
              "key": undefined,
              "nodeType": "class",
              "props": Object {
                "children": "Narrow Path",
              },
              "ref": null,
              "rendered": "Narrow Path",
              "type": [Function],
            },
          ],
          "type": [Function],
        },
        Object {
          "instance": null,
          "key": undefined,
          "nodeType": "class",
          "props": Object {
            "activeOpacity": 0.2,
            "children": Array [
              <Component
                source={1}
              />,
              <Component>
                No Ramp
              </Component>,
            ],
            "onPress": [Function],
          },
          "ref": null,
          "rendered": Array [
            Object {
              "instance": null,
              "key": undefined,
              "nodeType": "class",
              "props": Object {
                "source": 1,
              },
              "ref": null,
              "rendered": null,
              "type": [Function],
            },
            Object {
              "instance": null,
              "key": undefined,
              "nodeType": "class",
              "props": Object {
                "children": "No Ramp",
              },
              "ref": null,
              "rendered": "No Ramp",
              "type": [Function],
            },
          ],
          "type": [Function],
        },
        Object {
          "instance": null,
          "key": undefined,
          "nodeType": "class",
          "props": Object {
            "activeOpacity": 0.2,
            "children": <Component
              source={1}
            />,
            "id": "show-form",
            "onPress": [Function],
          },
          "ref": null,
          "rendered": Object {
            "instance": null,
            "key": undefined,
            "nodeType": "class",
            "props": Object {
              "source": 1,
            },
            "ref": null,
            "rendered": null,
            "type": [Function],
          },
          "type": [Function],
        },
        Object {
          "instance": null,
          "key": undefined,
          "nodeType": "class",
          "props": Object {
            "children": "Other",
          },
          "ref": null,
          "rendered": "Other",
          "type": [Function],
        },
        false,
      ],
      "type": [Function],
    },
  ],
  Symbol(enzyme.__options__): Object {
    "adapter": ReactSixteenAdapter {
      "options": Object {
        "enableComponentDidUpdateOnSetState": true,
        "lifecycles": Object {
          "componentDidUpdate": Object {
            "onSetState": true,
          },
          "getDerivedStateFromProps": true,
          "getSnapshotBeforeUpdate": true,
          "setState": Object {
            "skipsComponentDidUpdateOnNullish": true,
          },
        },
      },
    },
  },
}
`;
