// Jest Snapshot v1, https://goo.gl/fbAQLP

exports[`Directions snapshot renders directions form 1`] = `
<View
  style={
    Object {
      "flex": 1,
    }
  }
  testID="directions"
>
  <View
    style={
      Object {
        "flex": 0.5,
      }
    }
  >
    <View
      pointerEvents="box-none"
      style={
        Array [
          Object {
            "flex": 1,
          },
          undefined,
        ]
      }
    >
      <View
        style={
          Array [
            Object {
              "backgroundColor": "#C9C9CE",
              "borderBottomColor": "#b5b5b5",
              "borderBottomWidth": 0.5,
              "borderTopColor": "#7e7e7e",
              "borderTopWidth": 0.5,
              "flexDirection": "row",
              "height": 44,
            },
            Object {
              "backgroundColor": "#fff",
              "borderColor": "grey",
              "borderRadius": 10,
              "borderWidth": 0.5,
              "height": 50,
              "marginTop": 15,
              "textAlign": "center",
            },
          ]
        }
      >
        <TextInput
          allowFontScaling={true}
          autoFocus={false}
          clearButtonMode="while-editing"
          editable={true}
          onChangeText={[Function]}
          onFocus={[Function]}
          onSubmitEditing={[Function]}
          placeholder="Start"
          placeholderTextColor="#A8A8A8"
          returnKeyType="search"
          style={
            Array [
              Object {
                "backgroundColor": "#FFFFFF",
                "borderRadius": 5,
                "flex": 1,
                "fontSize": 15,
                "height": 28,
                "marginLeft": 8,
                "marginRight": 8,
                "marginTop": 7.5,
                "paddingBottom": 4.5,
                "paddingLeft": 10,
                "paddingRight": 10,
                "paddingTop": 4.5,
              },
              undefined,
            ]
          }
          underlineColorAndroid="transparent"
          value=""
        />
      </View>
    </View>
  </View>
  <View
    style={
      Object {
        "flex": 1,
      }
    }
  >
    <View
      pointerEvents="box-none"
      style={
        Array [
          Object {
            "flex": 1,
          },
          undefined,
        ]
      }
    >
      <View
        style={
          Array [
            Object {
              "backgroundColor": "#C9C9CE",
              "borderBottomColor": "#b5b5b5",
              "borderBottomWidth": 0.5,
              "borderTopColor": "#7e7e7e",
              "borderTopWidth": 0.5,
              "flexDirection": "row",
              "height": 44,
            },
            Object {
              "backgroundColor": "#fff",
              "borderColor": "grey",
              "borderRadius": 10,
              "borderWidth": 0.5,
              "height": 50,
              "textAlign": "center",
            },
          ]
        }
      >
        <TextInput
          allowFontScaling={true}
          autoFocus={false}
          clearButtonMode="while-editing"
          editable={true}
          onChangeText={[Function]}
          onFocus={[Function]}
          onSubmitEditing={[Function]}
          placeholder="End"
          placeholderTextColor="#A8A8A8"
          returnKeyType="search"
          style={
            Array [
              Object {
                "backgroundColor": "#FFFFFF",
                "borderRadius": 5,
                "flex": 1,
                "fontSize": 15,
                "height": 28,
                "marginLeft": 8,
                "marginRight": 8,
                "marginTop": 7.5,
                "paddingBottom": 4.5,
                "paddingLeft": 10,
                "paddingRight": 10,
                "paddingTop": 4.5,
              },
              undefined,
            ]
          }
          underlineColorAndroid="transparent"
          value=""
        />
      </View>
    </View>
  </View>
  <View
    accessible={true}
    isTVSelectable={true}
    onResponderGrant={[Function]}
    onResponderMove={[Function]}
    onResponderRelease={[Function]}
    onResponderTerminate={[Function]}
    onResponderTerminationRequest={[Function]}
    onStartShouldSetResponder={[Function]}
    style={
      Object {
        "backgroundColor": "#fff",
        "borderColor": "grey",
        "borderRadius": 7,
        "borderWidth": 0.5,
        "justifyContent": "center",
        "marginBottom": 200,
        "opacity": 1,
        "padding": 25,
        "textAlign": "center",
        "width": "100%",
      }
    }
  >
    <Text>
       Search 
    </Text>
  </View>
</View>
`;
