// Jest Snapshot v1, https://goo.gl/fbAQLP

exports[`Map snapshot renders successfully 1`] = `
<View
  style={
    Object {
      "flex": 1,
    }
  }
  testID="map"
>
  <View
    style={
      Object {
        "flex": 1,
        "flexDirection": "row",
        "justifyContent": "center",
      }
    }
  >
    <MapView
      provider="google"
      showsUserLocation={true}
      style={
        Object {
          "flex": 1,
        }
      }
    />
    <Callout>
      <View
        style={
          Object {
            "backgroundColor": "rgba(255, 255, 255, 0.3)",
            "width": 500,
          }
        }
      >
        <Text
          accessibilityLabel="Hello! Journey Time is 0 Minutes and the distance is 
 null KM"
          style={
            Object {
              "color": "hotpink",
              "fontSize": 40,
              "fontWeight": "bold",
              "textAlign": "center",
            }
          }
        >
          0 Minutes 
 null KM
        </Text>
      </View>
    </Callout>
    <View
      accessibilityRole="button"
      accessibilityStates={Array []}
      accessible={true}
      isTVSelectable={true}
      onResponderGrant={[Function]}
      onResponderMove={[Function]}
      onResponderRelease={[Function]}
      onResponderTerminate={[Function]}
      onResponderTerminationRequest={[Function]}
      onStartShouldSetResponder={[Function]}
      style={
        Object {
          "bottom": 10,
          "position": "absolute",
          "right": 10,
        }
      }
    >
      <View
        accessible={true}
        isTVSelectable={true}
        onResponderGrant={[Function]}
        onResponderMove={[Function]}
        onResponderRelease={[Function]}
        onResponderTerminate={[Function]}
        onResponderTerminationRequest={[Function]}
        onStartShouldSetResponder={[Function]}
        style={
          Object {
            "opacity": 1,
          }
        }
      >
        <Image
          source={1}
        />
      </View>
    </Callout>
  </View>
</View>
`;
